MODEL        1
MODEL 1
REMARK VINA RESULT:      -3.2      0.000      0.000
REMARK  Name = 7368.pdb
REMARK  2 active torsions:
REMARK  status: ('A' for Active; 'I' for Inactive)
REMARK    1  A    between atoms: C1_1  and  C8_8
REMARK    2  A    between atoms: C3_3  and  C7_7
REMARK                            x       y       z     vdW  Elec       q    Type
REMARK                         _______ _______ _______ _____ _____    ______ ____
COMPND    7368.pdb 
AUTHOR    GENERATED BY OPEN BABEL 3.1.0
ATOM      1  C1  UNL     1      -0.209   0.100   1.218  1.00  0.00           C  
ATOM      2  C2  UNL     1      -0.792   0.473  -0.001  1.00  0.00           C  
ATOM      3  C3  UNL     1      -0.188   0.135  -1.221  1.00  0.00           C  
ATOM      4  C4  UNL     1       1.005  -0.597  -1.210  1.00  0.00           C  
ATOM      5  C5  UNL     1       1.599  -0.958  -0.002  1.00  0.00           C  
ATOM      6  C6  UNL     1       0.999  -0.605   1.207  1.00  0.00           C  
ATOM      7  H1  UNL     1      -1.726   1.032  -0.002  1.00  0.00           H  
ATOM      8  H2  UNL     1       1.481  -0.885  -2.144  1.00  0.00           H  
ATOM      9  H3  UNL     1       2.531  -1.517  -0.001  1.00  0.00           H  
ATOM     10  H4  UNL     1       1.478  -0.888   2.141  1.00  0.00           H  
ATOM     11  C7  UNL     1      -0.842   0.503  -2.519  1.00  0.00           C  
ATOM     12  H5  UNL     1      -1.885   0.798  -2.362  1.00  0.00           H  
ATOM     13  H6  UNL     1      -0.332   1.351  -2.988  1.00  0.00           H  
ATOM     14  H7  UNL     1      -0.815  -0.349  -3.206  1.00  0.00           H  
ATOM     15  C8  UNL     1      -0.843   0.504   2.516  1.00  0.00           C  
ATOM     16  H8  UNL     1      -0.869   1.595   2.596  1.00  0.00           H  
ATOM     17  H9  UNL     1      -0.282   0.100   3.366  1.00  0.00           H  
ATOM     18  H10 UNL     1      -1.865   0.118   2.588  1.00  0.00           H  
CONECT    1    2    2    6   15                                       
CONECT    2    3    7    1    1                                       
CONECT    3   11    4    4    2                                       
CONECT    4    8    3    3    5                                       
CONECT    5    4    9    6    6                                       
CONECT    6    5    5    1   10                                       
CONECT    7    2                                                      
CONECT    8    4                                                      
CONECT    9    5                                                      
CONECT   10    6                                                      
CONECT   11   14   13   12    3                                       
CONECT   12   11                                                      
CONECT   13   11                                                      
CONECT   14   11                                                      
CONECT   15    1   18   16   17                                       
CONECT   16   15                                                      
CONECT   17   15                                                      
CONECT   18   15                                                      
MASTER        0    0    0    0    0    0    0    0   18    0   18    0
ENDMDL
MODEL        2
MODEL 2
REMARK VINA RESULT:      -3.2      0.003      3.047
REMARK  Name = 7368.pdb
REMARK  2 active torsions:
REMARK  status: ('A' for Active; 'I' for Inactive)
REMARK    1  A    between atoms: C1_1  and  C8_8
REMARK    2  A    between atoms: C3_3  and  C7_7
REMARK                            x       y       z     vdW  Elec       q    Type
REMARK                         _______ _______ _______ _____ _____    ______ ____
COMPND    7368.pdb 
AUTHOR    GENERATED BY OPEN BABEL 3.1.0
ATOM      1  C1  UNL     1      -0.186   0.133  -1.222  1.00  0.00           C  
ATOM      2  C2  UNL     1      -0.791   0.472  -0.004  1.00  0.00           C  
ATOM      3  C3  UNL     1      -0.209   0.100   1.217  1.00  0.00           C  
ATOM      4  C4  UNL     1       1.000  -0.606   1.207  1.00  0.00           C  
ATOM      5  C5  UNL     1       1.599  -0.961  -0.001  1.00  0.00           C  
ATOM      6  C6  UNL     1       1.006  -0.599  -1.210  1.00  0.00           C  
ATOM      7  H1  UNL     1      -1.724   1.032  -0.004  1.00  0.00           H  
ATOM      8  H2  UNL     1       1.477  -0.889   2.141  1.00  0.00           H  
ATOM      9  H3  UNL     1       2.532  -1.519  -0.001  1.00  0.00           H  
ATOM     10  H4  UNL     1       1.482  -0.888  -2.144  1.00  0.00           H  
ATOM     11  C7  UNL     1      -0.843   0.504   2.514  1.00  0.00           C  
ATOM     12  H5  UNL     1      -0.192   1.187   3.070  1.00  0.00           H  
ATOM     13  H6  UNL     1      -1.790   1.025   2.342  1.00  0.00           H  
ATOM     14  H7  UNL     1      -1.033  -0.382   3.129  1.00  0.00           H  
ATOM     15  C8  UNL     1      -0.840   0.501  -2.521  1.00  0.00           C  
ATOM     16  H8  UNL     1      -0.200   0.207  -3.359  1.00  0.00           H  
ATOM     17  H9  UNL     1      -1.022   1.579  -2.576  1.00  0.00           H  
ATOM     18  H10 UNL     1      -1.810   0.002  -2.625  1.00  0.00           H  
CONECT    1   15    6    6    2                                       
CONECT    2    1    7    3    3                                       
CONECT    3    2    2    4   11                                       
CONECT    4    5    5    3    8                                       
CONECT    5    6    9    4    4                                       
CONECT    6   10    1    1    5                                       
CONECT    7    2                                                      
CONECT    8    4                                                      
CONECT    9    5                                                      
CONECT   10    6                                                      
CONECT   11    3   13   12   14                                       
CONECT   12   11                                                      
CONECT   13   11                                                      
CONECT   14   11                                                      
CONECT   15   16   18   17    1                                       
CONECT   16   15                                                      
CONECT   17   15                                                      
CONECT   18   15                                                      
MASTER        0    0    0    0    0    0    0    0   18    0   18    0
ENDMDL
MODEL        3
MODEL 3
REMARK VINA RESULT:      -3.2      1.040      2.080
REMARK  Name = 7368.pdb
REMARK  2 active torsions:
REMARK  status: ('A' for Active; 'I' for Inactive)
REMARK    1  A    between atoms: C1_1  and  C8_8
REMARK    2  A    between atoms: C3_3  and  C7_7
REMARK                            x       y       z     vdW  Elec       q    Type
REMARK                         _______ _______ _______ _____ _____    ______ ____
COMPND    7368.pdb 
AUTHOR    GENERATED BY OPEN BABEL 3.1.0
ATOM      1  C1  UNL     1       0.148  -0.177   1.229  1.00  0.00           C  
ATOM      2  C2  UNL     1       0.515  -0.764   0.010  1.00  0.00           C  
ATOM      3  C3  UNL     1       0.115  -0.200  -1.210  1.00  0.00           C  
ATOM      4  C4  UNL     1      -0.647   0.974  -1.199  1.00  0.00           C  
ATOM      5  C5  UNL     1      -1.030   1.555   0.009  1.00  0.00           C  
ATOM      6  C6  UNL     1      -0.640   0.978   1.218  1.00  0.00           C  
ATOM      7  H1  UNL     1       1.118  -1.670   0.010  1.00  0.00           H  
ATOM      8  H2  UNL     1      -0.953   1.438  -2.133  1.00  0.00           H  
ATOM      9  H3  UNL     1      -1.632   2.460   0.009  1.00  0.00           H  
ATOM     10  H4  UNL     1      -0.952   1.440   2.152  1.00  0.00           H  
ATOM     11  C7  UNL     1       0.549  -0.813  -2.508  1.00  0.00           C  
ATOM     12  H5  UNL     1       1.631  -0.713  -2.645  1.00  0.00           H  
ATOM     13  H6  UNL     1       0.317  -1.882  -2.532  1.00  0.00           H  
ATOM     14  H7  UNL     1       0.039  -0.321  -3.342  1.00  0.00           H  
ATOM     15  C8  UNL     1       0.546  -0.814   2.528  1.00  0.00           C  
ATOM     16  H8  UNL     1      -0.277  -1.423   2.913  1.00  0.00           H  
ATOM     17  H9  UNL     1       0.803  -0.053   3.273  1.00  0.00           H  
ATOM     18  H10 UNL     1       1.428  -1.450   2.396  1.00  0.00           H  
CONECT    1    2    2    6   15                                       
CONECT    2    3    7    1    1                                       
CONECT    3   11    4    4    2                                       
CONECT    4    8    3    3    5                                       
CONECT    5    4    9    6    6                                       
CONECT    6    5    5    1   10                                       
CONECT    7    2                                                      
CONECT    8    4                                                      
CONECT    9    5                                                      
CONECT   10    6                                                      
CONECT   11   14   12   13    3                                       
CONECT   12   11                                                      
CONECT   13   11                                                      
CONECT   14   11                                                      
CONECT   15    1   18   16   17                                       
CONECT   16   15                                                      
CONECT   17   15                                                      
CONECT   18   15                                                      
MASTER        0    0    0    0    0    0    0    0   18    0   18    0
ENDMDL
MODEL        4
MODEL 4
REMARK VINA RESULT:      -3.2      1.039      3.689
REMARK  Name = 7368.pdb
REMARK  2 active torsions:
REMARK  status: ('A' for Active; 'I' for Inactive)
REMARK    1  A    between atoms: C1_1  and  C8_8
REMARK    2  A    between atoms: C3_3  and  C7_7
REMARK                            x       y       z     vdW  Elec       q    Type
REMARK                         _______ _______ _______ _____ _____    ______ ____
COMPND    7368.pdb 
AUTHOR    GENERATED BY OPEN BABEL 3.1.0
ATOM      1  C1  UNL     1       0.115  -0.203  -1.218  1.00  0.00           C  
ATOM      2  C2  UNL     1       0.515  -0.767   0.001  1.00  0.00           C  
ATOM      3  C3  UNL     1       0.149  -0.180   1.220  1.00  0.00           C  
ATOM      4  C4  UNL     1      -0.640   0.976   1.209  1.00  0.00           C  
ATOM      5  C5  UNL     1      -1.030   1.552   0.001  1.00  0.00           C  
ATOM      6  C6  UNL     1      -0.648   0.970  -1.208  1.00  0.00           C  
ATOM      7  H1  UNL     1       1.119  -1.673   0.001  1.00  0.00           H  
ATOM      8  H2  UNL     1      -0.951   1.437   2.143  1.00  0.00           H  
ATOM      9  H3  UNL     1      -1.633   2.456   0.000  1.00  0.00           H  
ATOM     10  H4  UNL     1      -0.954   1.435  -2.142  1.00  0.00           H  
ATOM     11  C7  UNL     1       0.548  -0.816   2.519  1.00  0.00           C  
ATOM     12  H5  UNL     1       1.326  -0.229   3.018  1.00  0.00           H  
ATOM     13  H6  UNL     1      -0.304  -0.874   3.204  1.00  0.00           H  
ATOM     14  H7  UNL     1       0.926  -1.827   2.339  1.00  0.00           H  
ATOM     15  C8  UNL     1       0.549  -0.816  -2.517  1.00  0.00           C  
ATOM     16  H8  UNL     1      -0.082  -0.449  -3.333  1.00  0.00           H  
ATOM     17  H9  UNL     1       0.476  -1.908  -2.477  1.00  0.00           H  
ATOM     18  H10 UNL     1       1.593  -0.568  -2.736  1.00  0.00           H  
CONECT    1   15    6    6    2                                       
CONECT    2    1    7    3    3                                       
CONECT    3    2    2    4   11                                       
CONECT    4    5    5    3    8                                       
CONECT    5    6    9    4    4                                       
CONECT    6   10    1    1    5                                       
CONECT    7    2                                                      
CONECT    8    4                                                      
CONECT    9    5                                                      
CONECT   10    6                                                      
CONECT   11    3   14   12   13                                       
CONECT   12   11                                                      
CONECT   13   11                                                      
CONECT   14   11                                                      
CONECT   15   16   18   17    1                                       
CONECT   16   15                                                      
CONECT   17   15                                                      
CONECT   18   15                                                      
MASTER        0    0    0    0    0    0    0    0   18    0   18    0
ENDMDL
MODEL        5
MODEL 5
REMARK VINA RESULT:      -2.1      3.157      5.322
REMARK  Name = 7368.pdb
REMARK  2 active torsions:
REMARK  status: ('A' for Active; 'I' for Inactive)
REMARK    1  A    between atoms: C1_1  and  C8_8
REMARK    2  A    between atoms: C3_3  and  C7_7
REMARK                            x       y       z     vdW  Elec       q    Type
REMARK                         _______ _______ _______ _____ _____    ______ ____
COMPND    7368.pdb 
AUTHOR    GENERATED BY OPEN BABEL 3.1.0
ATOM      1  C1  UNL     1       0.154   0.297  -3.854  1.00  0.00           C  
ATOM      2  C2  UNL     1      -0.703  -0.745  -4.236  1.00  0.00           C  
ATOM      3  C3  UNL     1      -1.071  -0.918  -5.578  1.00  0.00           C  
ATOM      4  C4  UNL     1      -0.559  -0.043  -6.542  1.00  0.00           C  
ATOM      5  C5  UNL     1       0.281   1.005  -6.169  1.00  0.00           C  
ATOM      6  C6  UNL     1       0.630   1.178  -4.829  1.00  0.00           C  
ATOM      7  H1  UNL     1      -1.088  -1.429  -3.482  1.00  0.00           H  
ATOM      8  H2  UNL     1      -0.817  -0.170  -7.591  1.00  0.00           H  
ATOM      9  H3  UNL     1       0.666   1.688  -6.922  1.00  0.00           H  
ATOM     10  H4  UNL     1       1.281   2.005  -4.552  1.00  0.00           H  
ATOM     11  C7  UNL     1      -1.955  -2.061  -5.981  1.00  0.00           C  
ATOM     12  H5  UNL     1      -2.608  -2.359  -5.155  1.00  0.00           H  
ATOM     13  H6  UNL     1      -2.600  -1.780  -6.820  1.00  0.00           H  
ATOM     14  H7  UNL     1      -1.344  -2.919  -6.277  1.00  0.00           H  
ATOM     15  C8  UNL     1       0.507   0.497  -2.409  1.00  0.00           C  
ATOM     16  H8  UNL     1       1.433  -0.036  -2.173  1.00  0.00           H  
ATOM     17  H9  UNL     1      -0.291   0.127  -1.757  1.00  0.00           H  
ATOM     18  H10 UNL     1       0.643   1.561  -2.185  1.00  0.00           H  
CONECT    1    6    6    2   15                                       
CONECT    2    3    3    1    7                                       
CONECT    3    4   11    2    2                                       
CONECT    4    8    5    5    3                                       
CONECT    5    9    4    4    6                                       
CONECT    6    5   10    1    1                                       
CONECT    7    2                                                      
CONECT    8    4                                                      
CONECT    9    5                                                      
CONECT   10    6                                                      
CONECT   11   13   14    3   12                                       
CONECT   12   11                                                      
CONECT   13   11                                                      
CONECT   14   11                                                      
CONECT   15    1   18   16   17                                       
CONECT   16   15                                                      
CONECT   17   15                                                      
CONECT   18   15                                                      
MASTER        0    0    0    0    0    0    0    0   18    0   18    0
ENDMDL
MODEL        6
MODEL 6
REMARK VINA RESULT:      -2.1      3.336      5.478
REMARK  Name = 7368.pdb
REMARK  2 active torsions:
REMARK  status: ('A' for Active; 'I' for Inactive)
REMARK    1  A    between atoms: C1_1  and  C8_8
REMARK    2  A    between atoms: C3_3  and  C7_7
REMARK                            x       y       z     vdW  Elec       q    Type
REMARK                         _______ _______ _______ _____ _____    ______ ____
COMPND    7368.pdb 
AUTHOR    GENERATED BY OPEN BABEL 3.1.0
ATOM      1  C1  UNL     1       1.228  -0.676   5.619  1.00  0.00           C  
ATOM      2  C2  UNL     1       0.904  -0.520   4.265  1.00  0.00           C  
ATOM      3  C3  UNL     1      -0.144   0.323   3.868  1.00  0.00           C  
ATOM      4  C4  UNL     1      -0.859   1.026   4.845  1.00  0.00           C  
ATOM      5  C5  UNL     1      -0.553   0.864   6.195  1.00  0.00           C  
ATOM      6  C6  UNL     1       0.482   0.012   6.581  1.00  0.00           C  
ATOM      7  H1  UNL     1       1.472  -1.061   3.510  1.00  0.00           H  
ATOM      8  H2  UNL     1      -1.663   1.699   4.559  1.00  0.00           H  
ATOM      9  H3  UNL     1      -1.120   1.404   6.949  1.00  0.00           H  
ATOM     10  H4  UNL     1       0.704  -0.110   7.639  1.00  0.00           H  
ATOM     11  C7  UNL     1      -0.456   0.515   2.414  1.00  0.00           C  
ATOM     12  H5  UNL     1      -0.983   1.460   2.248  1.00  0.00           H  
ATOM     13  H6  UNL     1       0.462   0.547   1.818  1.00  0.00           H  
ATOM     14  H7  UNL     1      -1.082  -0.308   2.054  1.00  0.00           H  
ATOM     15  C8  UNL     1       2.323  -1.614   6.034  1.00  0.00           C  
ATOM     16  H8  UNL     1       1.921  -2.394   6.687  1.00  0.00           H  
ATOM     17  H9  UNL     1       3.115  -1.078   6.568  1.00  0.00           H  
ATOM     18  H10 UNL     1       2.784  -2.086   5.159  1.00  0.00           H  
CONECT    1    2    2   15    6                                       
CONECT    2    7    3    1    1                                       
CONECT    3   11    2    4    4                                       
CONECT    4    3    3    8    5                                       
CONECT    5    4    6    6    9                                       
CONECT    6    1    5    5   10                                       
CONECT    7    2                                                      
CONECT    8    4                                                      
CONECT    9    5                                                      
CONECT   10    6                                                      
CONECT   11   13   14   12    3                                       
CONECT   12   11                                                      
CONECT   13   11                                                      
CONECT   14   11                                                      
CONECT   15   18    1   17   16                                       
CONECT   16   15                                                      
CONECT   17   15                                                      
CONECT   18   15                                                      
MASTER        0    0    0    0    0    0    0    0   18    0   18    0
ENDMDL
MODEL        7
MODEL 7
REMARK VINA RESULT:      -2.1      3.281      6.043
REMARK  Name = 7368.pdb
REMARK  2 active torsions:
REMARK  status: ('A' for Active; 'I' for Inactive)
REMARK    1  A    between atoms: C1_1  and  C8_8
REMARK    2  A    between atoms: C3_3  and  C7_7
REMARK                            x       y       z     vdW  Elec       q    Type
REMARK                         _______ _______ _______ _____ _____    ______ ____
COMPND    7368.pdb 
AUTHOR    GENERATED BY OPEN BABEL 3.1.0
ATOM      1  C1  UNL     1       1.296   0.466  -5.636  1.00  0.00           C  
ATOM      2  C2  UNL     1       0.956   0.384  -4.279  1.00  0.00           C  
ATOM      3  C3  UNL     1      -0.367   0.140  -3.882  1.00  0.00           C  
ATOM      4  C4  UNL     1      -1.350  -0.037  -4.863  1.00  0.00           C  
ATOM      5  C5  UNL     1      -1.023   0.059  -6.215  1.00  0.00           C  
ATOM      6  C6  UNL     1       0.293   0.316  -6.600  1.00  0.00           C  
ATOM      7  H1  UNL     1       1.728   0.511  -3.523  1.00  0.00           H  
ATOM      8  H2  UNL     1      -2.378  -0.245  -4.578  1.00  0.00           H  
ATOM      9  H3  UNL     1      -1.793  -0.069  -6.970  1.00  0.00           H  
ATOM     10  H4  UNL     1       0.532   0.395  -7.658  1.00  0.00           H  
ATOM     11  C7  UNL     1      -0.712   0.013  -2.429  1.00  0.00           C  
ATOM     12  H5  UNL     1       0.193  -0.037  -1.815  1.00  0.00           H  
ATOM     13  H6  UNL     1      -1.289   0.878  -2.086  1.00  0.00           H  
ATOM     14  H7  UNL     1      -1.302  -0.894  -2.262  1.00  0.00           H  
ATOM     15  C8  UNL     1       2.707   0.769  -6.048  1.00  0.00           C  
ATOM     16  H8  UNL     1       3.329   0.928  -5.162  1.00  0.00           H  
ATOM     17  H9  UNL     1       2.747   1.666  -6.674  1.00  0.00           H  
ATOM     18  H10 UNL     1       3.128  -0.055  -6.634  1.00  0.00           H  
CONECT    1    6    6   15    2                                       
CONECT    2    1    3    3    7                                       
CONECT    3    4    2    2   11                                       
CONECT    4    5    5    8    3                                       
CONECT    5    9    6    4    4                                       
CONECT    6   10    5    1    1                                       
CONECT    7    2                                                      
CONECT    8    4                                                      
CONECT    9    5                                                      
CONECT   10    6                                                      
CONECT   11    3   14   13   12                                       
CONECT   12   11                                                      
CONECT   13   11                                                      
CONECT   14   11                                                      
CONECT   15   17   18    1   16                                       
CONECT   16   15                                                      
CONECT   17   15                                                      
CONECT   18   15                                                      
MASTER        0    0    0    0    0    0    0    0   18    0   18    0
ENDMDL
MODEL        8
MODEL 8
REMARK VINA RESULT:      -2.1      3.284      5.839
REMARK  Name = 7368.pdb
REMARK  2 active torsions:
REMARK  status: ('A' for Active; 'I' for Inactive)
REMARK    1  A    between atoms: C1_1  and  C8_8
REMARK    2  A    between atoms: C3_3  and  C7_7
REMARK                            x       y       z     vdW  Elec       q    Type
REMARK                         _______ _______ _______ _____ _____    ______ ____
COMPND    7368.pdb 
AUTHOR    GENERATED BY OPEN BABEL 3.1.0
ATOM      1  C1  UNL     1      -0.898  -1.076  -5.587  1.00  0.00           C  
ATOM      2  C2  UNL     1      -0.684  -0.757  -4.239  1.00  0.00           C  
ATOM      3  C3  UNL     1       0.381   0.071  -3.855  1.00  0.00           C  
ATOM      4  C4  UNL     1       1.225   0.594  -4.841  1.00  0.00           C  
ATOM      5  C5  UNL     1       1.028   0.269  -6.183  1.00  0.00           C  
ATOM      6  C6  UNL     1      -0.025  -0.567  -6.553  1.00  0.00           C  
ATOM      7  H1  UNL     1      -1.352  -1.158  -3.479  1.00  0.00           H  
ATOM      8  H2  UNL     1       2.045   1.253  -4.568  1.00  0.00           H  
ATOM      9  H3  UNL     1       1.695   0.670  -6.942  1.00  0.00           H  
ATOM     10  H4  UNL     1      -0.161  -0.817  -7.603  1.00  0.00           H  
ATOM     11  C7  UNL     1       0.575   0.439  -2.415  1.00  0.00           C  
ATOM     12  H5  UNL     1       0.807  -0.446  -1.814  1.00  0.00           H  
ATOM     13  H6  UNL     1       1.410   1.138  -2.299  1.00  0.00           H  
ATOM     14  H7  UNL     1      -0.334   0.905  -2.022  1.00  0.00           H  
ATOM     15  C8  UNL     1      -2.015  -1.997  -5.980  1.00  0.00           C  
ATOM     16  H8  UNL     1      -2.755  -2.053  -5.176  1.00  0.00           H  
ATOM     17  H9  UNL     1      -1.637  -3.004  -6.185  1.00  0.00           H  
ATOM     18  H10 UNL     1      -2.509  -1.644  -6.892  1.00  0.00           H  
CONECT    1    6    6   15    2                                       
CONECT    2    1    3    3    7                                       
CONECT    3    4    2    2   11                                       
CONECT    4    5    5    8    3                                       
CONECT    5    9    6    4    4                                       
CONECT    6   10    5    1    1                                       
CONECT    7    2                                                      
CONECT    8    4                                                      
CONECT    9    5                                                      
CONECT   10    6                                                      
CONECT   11    3   13   14   12                                       
CONECT   12   11                                                      
CONECT   13   11                                                      
CONECT   14   11                                                      
CONECT   15   18   17    1   16                                       
CONECT   16   15                                                      
CONECT   17   15                                                      
CONECT   18   15                                                      
MASTER        0    0    0    0    0    0    0    0   18    0   18    0
ENDMDL
MODEL        9
MODEL 9
REMARK VINA RESULT:      -2.1      3.388      6.007
REMARK  Name = 7368.pdb
REMARK  2 active torsions:
REMARK  status: ('A' for Active; 'I' for Inactive)
REMARK    1  A    between atoms: C1_1  and  C8_8
REMARK    2  A    between atoms: C3_3  and  C7_7
REMARK                            x       y       z     vdW  Elec       q    Type
REMARK                         _______ _______ _______ _____ _____    ______ ____
COMPND    7368.pdb 
AUTHOR    GENERATED BY OPEN BABEL 3.1.0
ATOM      1  C1  UNL     1      -0.196  -0.303   3.907  1.00  0.00           C  
ATOM      2  C2  UNL     1       0.999   0.326   4.286  1.00  0.00           C  
ATOM      3  C3  UNL     1       1.362   0.427   5.637  1.00  0.00           C  
ATOM      4  C4  UNL     1       0.521  -0.124   6.610  1.00  0.00           C  
ATOM      5  C5  UNL     1      -0.676  -0.737   6.244  1.00  0.00           C  
ATOM      6  C6  UNL     1      -1.036  -0.820   4.898  1.00  0.00           C  
ATOM      7  H1  UNL     1       1.653   0.741   3.522  1.00  0.00           H  
ATOM      8  H2  UNL     1       0.792  -0.073   7.662  1.00  0.00           H  
ATOM      9  H3  UNL     1      -1.329  -1.152   7.006  1.00  0.00           H  
ATOM     10  H4  UNL     1      -1.976  -1.296   4.628  1.00  0.00           H  
ATOM     11  C7  UNL     1       2.661   1.065   6.027  1.00  0.00           C  
ATOM     12  H5  UNL     1       2.872   0.903   7.090  1.00  0.00           H  
ATOM     13  H6  UNL     1       3.494   0.634   5.462  1.00  0.00           H  
ATOM     14  H7  UNL     1       2.623   2.142   5.834  1.00  0.00           H  
ATOM     15  C8  UNL     1      -0.594  -0.368   2.462  1.00  0.00           C  
ATOM     16  H8  UNL     1       0.129  -0.968   1.902  1.00  0.00           H  
ATOM     17  H9  UNL     1      -0.638   0.635   2.024  1.00  0.00           H  
ATOM     18  H10 UNL     1      -1.587  -0.815   2.351  1.00  0.00           H  
CONECT    1   15    2    2    6                                       
CONECT    2    7    1    1    3                                       
CONECT    3    2   11    4    4                                       
CONECT    4    3    3    5    8                                       
CONECT    5    6    6    4    9                                       
CONECT    6    1   10    5    5                                       
CONECT    7    2                                                      
CONECT    8    4                                                      
CONECT    9    5                                                      
CONECT   10    6                                                      
CONECT   11   13    3   14   12                                       
CONECT   12   11                                                      
CONECT   13   11                                                      
CONECT   14   11                                                      
CONECT   15   16   17   18    1                                       
CONECT   16   15                                                      
CONECT   17   15                                                      
CONECT   18   15                                                      
MASTER        0    0    0    0    0    0    0    0   18    0   18    0
ENDMDL
END
